2026-09-20 18:58:26,239 [INFO] APIConnect.APIConnect: Logger initiated with default values.
2026-09-20 18:58:26,240 [INFO] constants.router: Router object is being created.
2026-09-20 18:58:26,240 [INFO] APIConnect.http: Http object is being created.
2026-09-20 18:58:26,281 [DEBUG] urllib3.connectionpool: Starting new HTTPS connection (1): api.ipify.org:443
2026-09-20 18:58:26,543 [DEBUG] urllib3.connectionpool: https://api.ipify.org:443 "GET /?format=json HTTP/1.1" 200 21
2026-09-20 18:58:26,544 [INFO] APIConnect.login_helper: LoginHelper object is being created.
2026-09-20 18:58:26,544 [INFO] APIConnect.order_helper: OrderHelper object is being created.
2026-09-20 18:58:26,545 [DEBUG] APIConnect.http: inPostMethod
2026-09-20 18:58:26,545 [INFO] APIConnect.http: 45.119.31.73
2026-09-20 18:58:26,729 [DEBUG] urllib3.connectionpool: Starting new HTTPS connection (1): nc.nuvamawealth.com:443
2026-09-20 18:58:26,906 [DEBUG] urllib3.connectionpool: https://nc.nuvamawealth.com:443 "POST /edelmw-login/login/accounts/loginvendor/6GjYjeRBURF0BA/ HTTP/1.1" 200 77
2026-09-20 18:58:26,907 [INFO] APIConnect.login_helper: User logged in successfully.
2026-09-20 18:58:26,907 [INFO] APIConnect.login_helper: Vendor session generated.
2026-09-20 18:58:26,907 [INFO] APIConnect.login_helper: token url https://nc.nuvamawealth.com/edelmw-login/login/accounts/logindata/
2026-09-20 18:58:26,907 [INFO] APIConnect.login_helper: reqId 333131d5f4265398
2026-09-20 18:58:26,907 [DEBUG] APIConnect.http: inPostMethod
2026-09-20 18:58:26,907 [INFO] APIConnect.http: 45.119.31.73
2026-09-20 18:58:26,987 [DEBUG] urllib3.connectionpool: https://nc.nuvamawealth.com:443 "POST /edelmw-login/login/accounts/logindata/ HTTP/1.1" 200 1720
2026-09-20 18:58:26,987 [INFO] APIConnect.login_helper: token response {'appID': '5477f1a0eaa317b7a65e964f7d9b53f6', 'config': {'app': 1, 'bseExp': 1789862414504, 'exp': 1789862414500, 'info': 4}, 'data': {'type': 'loginAuthDataResponse', 'auth': 'BE215553EA35D15B05577B9C0A05C23F7C45C656FCA405EEBEBAF1150639D19FBE51C3E576DD816BEE66BE95E9D8F8FABA4D24C10A18D4E6482ECFFE431B8863308B63D06F432EE0189CD4B2E93A5F2D34D5EE5A6B5877940DB2F857FFAC8F396D380BCAEFC90F7B32950AB883034EBF09FC33A1F0D35D31BE139603E598299BE1280A8A4C9DE51A19748EE3FB829F83331852285C50ABF4DBD030A8A610F9F733D3CFF4EB9BBD297309EFDC44955DC4', 'lgnData': {'accTyp': 'COMEQ', 'mrgSts': 'COMPLETED', 'prefAccTyp': 'EQ', 'excs': ['NSE', 'MCX', 'BSE', 'NCDEX', 'NSE IPO'], 'dfPrds': {'BCD': {'by': 'FNO Plus (NRML)', 'sl': 'FNO Plus (NRML)'}, 'BFO': {'by': 'FNO Plus (NRML)', 'sl': 'FNO Plus (NRML)'}, 'BSE': {'by': 'Delivery (CNC)', 'sl': 'Delivery (CNC)'}, 'CDS': {'by': 'FNO Plus (NRML)', 'sl': 'FNO Plus (NRML)'}, 'MCX': {'by': 'FNO Plus (NRML)', 'sl': 'FNO Plus (NRML)'}, 'NCDEX': {'by': 'FNO Plus (NRML)', 'sl': 'FNO Plus (NRML)'}, 'NFO': {'by': 'FNO Plus (NRML)', 'sl': 'FNO Plus (NRML)'}, 'NSE': {'by': 'Delivery (CNC)', 'sl': 'Delivery (CNC)'}}, 'ordTypes': [{'key': 'LIMIT', 'value': 'LIMIT'}, {'key': 'MARKET', 'value': 'MARKET'}, {'key': 'SL', 'value': 'STOP_LIMIT'}, {'key': 'SL-M', 'value': 'STOP_MARKET'}], 'sts': 'OK', 'accs': {'mobile': '8800789669', 'appCode': {'digit': '6', 'secretKey': 'YZHKW2YNHOWZOA6YZJW5TVUEXACE5KRG', 'time': '30'}, 'bseMfstwt': True, 'cdslAuToSl': False, 'cdslEsFlg': False, 'coAccID': '45644658', 'coAccName': 'GANESH SINGH RANA', 'coBrId': 'EFA', 'coBrk': 'EDELFA', 'coBrkCode': 'EDELFA', 'coDob': '1963-11-15', 'costwt': True, 'emailCnsnt': False, 'eml': 'RANAGANESH@YAHOO.COM', 'empOrDependent': 'N', 'eqAccID': '45644658', 'eqAccName': 'GANESH SINGH RANA', 'eqAlgoClnt': 'N', 'eqBrId': 'EFA', 'eqBrk': 'EDELFA', 'eqBrkCode': 'EDELFA', 'eqDob': '1963-11-15', 'eqEmpCat': 'NA', 'eqRmRt': 'Y', 'eqstwt': True, 'etotpSwitch': True, 'invAccountDetails': {'invOnlyAcc': False}, 'llt': '20/09/2026 18:35:06', 'mfInf': False, 'mobCnsnt': False, 'pan': 'AAOPR4102N', 'prfId': 'C1273137', 'rstpwd': False, 'rstusr': False, 'totpCode': {'digit': '6', 'etotpEnabled': True, 'secretKey': '', 'time': '30'}, 'ucmCd': '', 'uid': '45644658', 'wtspCnsnt': 't'}, 'mtf': {'popFl': 'true', 'sts': 'NR'}, 'comOpCnst': {'popFl': 'true', 'sts': 'NR'}, 'cnsntLst': [{'accType': 'COMEQ', 'mdtry': True, 'name': 'loginFlowConsent'}], 'prds': [{'exc': 'NSE', 'prd': [{'prdDpNm': 'Delivery (CNC)', 'prdVal': 'CNC', 'validity': [{'dpNm': 'DAY', 'vaVal': 'DAY'}, {'dpNm': 'Immediate or Cancel(IOC)', 'vaVal': 'IOC'}, {'dpNm': 'GTT', 'vaVal': 'GTT'}]}, {'prdDpNm': 'Delivery Plus (NRML)', 'prdVal': 'NRML', 'validity': [{'dpNm': 'DAY', 'vaVal': 'DAY'}, {'dpNm': 'Immediate or Cancel(IOC)', 'vaVal': 'IOC'}]}, {'prdDpNm': 'Intraday (MIS)', 'prdVal': 'MIS', 'validity': [{'dpNm': 'DAY', 'vaVal': 'DAY'}, {'dpNm': 'Immediate or Cancel(IOC)', 'vaVal': 'IOC'}]}, {'prdDpNm': 'Bracket Order (BO)', 'prdVal': 'BO', 'validity': [{'dpNm': 'DAY', 'vaVal': 'DAY'}, {'dpNm': 'Immediate or Cancel(IOC)', 'vaVal': 'IOC'}]}]}, {'exc': 'BSE', 'prd': [{'prdDpNm': 'Delivery (CNC)', 'prdVal': 'CNC', 'validity': [{'dpNm': 'DAY', 'vaVal': 'DAY'}, {'dpNm': 'Immediate or Cancel(IOC)', 'vaVal': 'IOC'}, {'dpNm': 'EOS', 'vaVal': 'EOS'}, {'dpNm': 'GTT', 'vaVal': 'GTT'}]}, {'prdDpNm': 'Delivery Plus (NRML)', 'prdVal': 'NRML', 'validity': [{'dpNm': 'DAY', 'vaVal': 'DAY'}, {'dpNm': 'Immediate or Cancel(IOC)', 'vaVal': 'IOC'}, {'dpNm': 'EOS', 'vaVal': 'EOS'}]}, {'prdDpNm': 'Intraday (MIS)', 'prdVal': 'MIS', 'validity': [{'dpNm': 'DAY', 'vaVal': 'DAY'}, {'dpNm': 'Immediate or Cancel(IOC)', 'vaVal': 'IOC'}, {'dpNm': 'EOS', 'vaVal': 'EOS'}]}, {'prdDpNm': 'Bracket Order (BO)', 'prdVal': 'BO', 'validity': [{'dpNm': 'DAY', 'vaVal': 'DAY'}, {'dpNm': 'Immediate or Cancel(IOC)', 'vaVal': 'IOC'}, {'dpNm': 'EOS', 'vaVal': 'EOS'}]}]}, {'exc': 'NFO', 'prd': [{'prdDpNm': 'FNO Plus (NRML)', 'prdVal': 'NRML', 'validity': [{'dpNm': 'DAY', 'vaVal': 'DAY'}, {'dpNm': 'Immediate or Cancel(IOC)', 'vaVal': 'IOC'}]}, {'prdDpNm': 'Intraday (MIS)', 'prdVal': 'MIS', 'validity': [{'dpNm': 'DAY', 'vaVal': 'DAY'}, {'dpNm': 'Immediate or Cancel(IOC)', 'vaVal': 'IOC'}]}, {'prdDpNm': 'Bracket Order (BO)', 'prdVal': 'BO', 'validity': [{'dpNm': 'DAY', 'vaVal': 'DAY'}, {'dpNm': 'Immediate or Cancel(IOC)', 'vaVal': 'IOC'}]}]}, {'exc': 'BFO', 'prd': [{'prdDpNm': 'FNO Plus (NRML)', 'prdVal': 'NRML', 'validity': [{'dpNm': 'EOS', 'vaVal': 'EOS'}, {'dpNm': 'Immediate or Cancel(IOC)', 'vaVal': 'IOC'}]}, {'prdDpNm': 'Intraday (MIS)', 'prdVal': 'MIS', 'validity': [{'dpNm': 'EOS', 'vaVal': 'EOS'}, {'dpNm': 'Immediate or Cancel(IOC)', 'vaVal': 'IOC'}]}, {'prdDpNm': 'Bracket Order (BO)', 'prdVal': 'BO', 'validity': [{'dpNm': 'EOS', 'vaVal': 'EOS'}, {'dpNm': 'Immediate or Cancel(IOC)', 'vaVal': 'IOC'}]}]}, {'exc': 'CDS', 'prd': [{'prdDpNm': 'FNO Plus (NRML)', 'prdVal': 'NRML', 'validity': [{'dpNm': 'DAY', 'vaVal': 'DAY'}, {'dpNm': 'Immediate or Cancel(IOC)', 'vaVal': 'IOC'}]}, {'prdDpNm': 'Intraday (MIS)', 'prdVal': 'MIS', 'validity': [{'dpNm': 'DAY', 'vaVal': 'DAY'}, {'dpNm': 'Immediate or Cancel(IOC)', 'vaVal': 'IOC'}]}, {'prdDpNm': 'Bracket Order (BO)', 'prdVal': 'BO', 'validity': [{'dpNm': 'DAY', 'vaVal': 'DAY'}, {'dpNm': 'Immediate or Cancel(IOC)', 'vaVal': 'IOC'}]}]}, {'exc': 'BCD', 'prd': [{'prdDpNm': 'FNO Plus (NRML)', 'prdVal': 'NRML', 'validity': [{'dpNm': 'DAY', 'vaVal': 'DAY'}, {'dpNm': 'Immediate or Cancel(IOC)', 'vaVal': 'IOC'}]}, {'prdDpNm': 'Intraday (MIS)', 'prdVal': 'MIS', 'validity': [{'dpNm': 'DAY', 'vaVal': 'DAY'}, {'dpNm': 'Immediate or Cancel(IOC)', 'vaVal': 'IOC'}]}, {'prdDpNm': 'Bracket Order (BO)', 'prdVal': 'BO', 'validity': [{'dpNm': 'DAY', 'vaVal': 'DAY'}, {'dpNm': 'Immediate or Cancel(IOC)', 'vaVal': 'IOC'}]}]}, {'exc': 'ESIP', 'prd': [{'prdDpNm': 'Delivery Plus (NRML)', 'prdVal': 'NRML', 'validity': []}]}, {'exc': 'MCX', 'prd': [{'prdDpNm': 'FNO Plus (NRML)', 'prdVal': 'NRML', 'validity': [{'dpNm': 'DAY', 'vaVal': 'DAY'}, {'dpNm': 'Immediate or Cancel(IOC)', 'vaVal': 'IOC'}]}, {'prdDpNm': 'Intraday (MIS)', 'prdVal': 'MIS', 'validity': [{'dpNm': 'DAY', 'vaVal': 'DAY'}, {'dpNm': 'Immediate or Cancel(IOC)', 'vaVal': 'IOC'}]}]}, {'exc': 'NCDEX', 'prd': [{'prdDpNm': 'FNO Plus (NRML)', 'prdVal': 'NRML', 'validity': [{'dpNm': 'DAY', 'vaVal': 'DAY'}, {'dpNm': 'Immediate or Cancel(IOC)', 'vaVal': 'IOC'}]}, {'prdDpNm': 'Intraday (MIS)', 'prdVal': 'MIS', 'validity': [{'dpNm': 'DAY', 'vaVal': 'DAY'}, {'dpNm': 'Immediate or Cancel(IOC)', 'vaVal': 'IOC'}]}]}], 'val': [{'exc': 'NSE', 'validity': [{'dpNm': 'DAY', 'vaVal': 'DAY'}, {'dpNm': 'Immediate or Cancel(IOC)', 'vaVal': 'IOC'}, {'dpNm': 'GTT', 'vaVal': 'GTT'}]}, {'exc': 'BSE', 'validity': [{'dpNm': 'DAY', 'vaVal': 'DAY'}, {'dpNm': 'Immediate or Cancel(IOC)', 'vaVal': 'IOC'}, {'dpNm': 'EOS', 'vaVal': 'EOS'}, {'dpNm': 'GTT', 'vaVal': 'GTT'}]}, {'exc': 'NFO', 'validity': [{'dpNm': 'DAY', 'vaVal': 'DAY'}, {'dpNm': 'Immediate or Cancel(IOC)', 'vaVal': 'IOC'}]}, {'exc': 'BFO', 'validity': [{'dpNm': 'EOS', 'vaVal': 'EOS'}, {'dpNm': 'Immediate or Cancel(IOC)', 'vaVal': 'IOC'}]}, {'exc': 'CDS', 'validity': [{'dpNm': 'DAY', 'vaVal': 'DAY'}, {'dpNm': 'Immediate or Cancel(IOC)', 'vaVal': 'IOC'}]}, {'exc': 'BCD', 'validity': [{'dpNm': 'DAY', 'vaVal': 'DAY'}, {'dpNm': 'Immediate or Cancel(IOC)', 'vaVal': 'IOC'}]}, {'exc': 'MCX', 'validity': [{'dpNm': 'DAY', 'vaVal': 'DAY'}, {'dpNm': 'Immediate or Cancel(IOC)', 'vaVal': 'IOC'}]}, {'exc': 'NCDEX', 'validity': [{'dpNm': 'DAY', 'vaVal': 'DAY'}, {'dpNm': 'Immediate or Cancel(IOC)', 'vaVal': 'IOC'}]}], 'gtdGtcValDays': '90', 'mndtryCnsts': [{'accType': 'COMEQ', 'mdtry': True, 'name': 'bseMfstwt'}, {'accType': 'COMEQ', 'mdtry': True, 'name': 'costwt'}], 'srcVendor': 'BluCandle', 'vndSrc': '', 'reqId': '333131d5f4265398', 'url': 'https://127.0.0.1/', 'encrTkn': '', 'typ': 'C', 'logoLnk': '', 'panAadhaarLinked': 'false', 'kraRegComplete': 'false', 'productsAlias': [{'key': 'CNC', 'value': 'CNC'}, {'key': 'NRML', 'value': 'NRML'}, {'key': 'MIS', 'value': 'MIS'}, {'key': 'BO', 'value': 'BO'}], 'orderSlicingLimit': 25, 'mfSegmentFlag': True, 'marginPledgeBannerDetails': {'bannerApplicable': False}, 'quarterlySettlementDetails': {'bannerApplicable': False}, 'newMtf': {'popFl': 'false', 'sts': 'C'}}}, 'msgID': '91adf45b-915e-44f0-b3dc-49a5e8bd1f3c', 'srvTm': 1789910907027}
2026-09-20 18:58:26,988 [DEBUG] APIConnect.login_helper: Login details are pickled in file.
2026-09-20 18:58:26,988 [INFO] APIConnect.login_helper: Authorization done succesfully.
2026-09-20 18:58:26,989 [INFO] APIConnect.api_utils: Checking for new update.
2026-09-20 18:58:26,989 [DEBUG] APIConnect.http: inPostMethod
2026-09-20 18:58:26,989 [INFO] APIConnect.http: 45.119.31.73
2026-09-20 18:58:27,054 [INFO] feed.feed: Connection established with subscriber.
2026-09-20 18:58:27,114 [DEBUG] urllib3.connectionpool: https://nc.nuvamawealth.com:443 "POST /edelmw-content/content/adhoc/lib/version/ HTTP/1.1" 200 206
2026-09-20 18:58:27,115 [DEBUG] APIConnect.api_utils: Response received: {'appID': '5477f1a0eaa317b7a65e964f7d9b53f6', 'config': {'app': 1, 'bseExp': 1789862414504, 'exp': 1789862414500, 'info': 4}, 'data': {'type': 'libVsnResponseDao', 'msg': '', 'sts': True, 'vsn': '2.0.12'}, 'msgID': 'fbe795b0-8396-4df2-83d0-309902af7f13', 'srvTm': 1789910907148}
2026-09-20 18:58:27,115 [ERROR] APIConnect.login_helper: Error occurred while downloading/ reading instruments: [Errno 2] No such file or directory: 'instruments.zip'
Traceback (most recent call last):
  File "/Users/apple/Library/Python/3.9/lib/python/site-packages/APIConnect/login_helper.py", line 141, in _Instruments
    with zipfile.ZipFile('instruments.zip', 'r') as zip_ref:
  File "/Library/Developer/CommandLineTools/Library/Frameworks/Python3.framework/Versions/3.9/lib/python3.9/zipfile.py", line 1239, in __init__
    self.fp = io.open(file, filemode)
FileNotFoundError: [Errno 2] No such file or directory: 'instruments.zip'
2026-09-20 18:58:27,130 [INFO] APIConnect.APIConnect: Limits method is called.
2026-09-20 18:58:27,130 [DEBUG] APIConnect.APIConnect: Limits method is called for accout type: COMEQ
2026-09-20 18:58:27,130 [DEBUG] APIConnect.http: inGetMethod
2026-09-20 18:58:27,130 [INFO] APIConnect.http: 45.119.31.73
2026-09-20 18:58:27,130 [DEBUG] APIConnect.http: Request to url: https://nc.nuvamawealth.com/edelmw-eq/eq/limits/rmssublimits/45644658/
2026-09-20 18:58:27,246 [DEBUG] urllib3.connectionpool: https://nc.nuvamawealth.com:443 "GET /edelmw-eq/eq/limits/rmssublimits/45644658/ HTTP/1.1" 200 486
2026-09-20 18:58:27,247 [DEBUG] APIConnect.APIConnect: Response recevied: {'appID': '5477f1a0eaa317b7a65e964f7d9b53f6', 'config': {'app': 1, 'exp': 1789862414500, 'info': 4}, 'data': {'type': 'eqLimitsDao', 'cshAvl': '167522.02', 'exp': '0.00', 'mrgAvl': {'adMrg': '0.00', 'dayOpenBal': '1087322.02', 'fndAdd': '0.00', 'mrgAvl': '1087322.02', 'notMrg': '0.00', 'stkColVal': '0.00'}, 'mrgUtd': {'blkRelDlvry': '919800.00', 'fndWthdrwn': '0.00', 'ipoAmt': '0.00', 'mf': '0.00', 'mrgUtd': '919800.00', 'prmPdRcd': '0.00', 'rlPnl': '-0.00', 'spnExpMrg': '0.00', 'ttpv': '0.00', 'unRlMtm': '-0.00'}, 'mtmMg': '2007122.02', 'nvl': '167522.02', 'nvlPer': '0.00', 'srtFall': {}, 'unPstdChrgs': {'ntChrg': '337.47', 'ntUnPstdChrg': {'accode': '45644658', 'comoshortfall': '0.00', 'dpcharges': '0.00', 'dpdues': '337.47', 'fnopenality': '0.00', 'ist': '0.00', 'mtfbal': '0.00', 'oth4amt': '0.00', 'oth5amt': '0.00', 'pisbankbal': '0.00', 'recorddate': '2026-09-18T05:30:00+05:30', 'wealthpoabal': '0.00'}}}, 'msgID': 'b9b95c17-a9c8-46fb-b38c-64b8df6c1a27', 'srvTm': 1789910907288}
2026-09-21 00:00:29,607 [INFO] APIConnect.APIConnect: Logger initiated with default values.
2026-09-21 00:00:29,607 [INFO] constants.router: Router object is being created.
2026-09-21 00:00:29,607 [INFO] APIConnect.http: Http object is being created.
2026-09-21 00:00:29,664 [DEBUG] urllib3.connectionpool: Starting new HTTPS connection (1): api.ipify.org:443
2026-09-21 00:00:29,932 [DEBUG] urllib3.connectionpool: https://api.ipify.org:443 "GET /?format=json HTTP/1.1" 200 21
2026-09-21 00:00:29,935 [INFO] APIConnect.login_helper: LoginHelper object is being created.
2026-09-21 00:00:29,935 [INFO] APIConnect.order_helper: OrderHelper object is being created.
2026-09-21 00:00:29,935 [INFO] APIConnect.APIConnect: User data file found, loading data.
2026-09-21 00:00:29,937 [INFO] APIConnect.api_utils: Checking for new update.
2026-09-21 00:00:29,937 [DEBUG] APIConnect.http: inPostMethod
2026-09-21 00:00:29,937 [INFO] APIConnect.http: 45.119.31.73
2026-09-21 00:00:30,009 [INFO] feed.feed: Connection established with subscriber.
2026-09-21 00:00:30,330 [DEBUG] urllib3.connectionpool: Starting new HTTPS connection (1): nc.nuvamawealth.com:443
2026-09-21 00:00:30,556 [DEBUG] urllib3.connectionpool: https://nc.nuvamawealth.com:443 "POST /edelmw-content/content/adhoc/lib/version/ HTTP/1.1" 200 207
2026-09-21 00:00:30,558 [DEBUG] APIConnect.api_utils: Response received: {'appID': '5477f1a0eaa317b7a65e964f7d9b53f6', 'config': {'app': 1, 'bseExp': 1789862414504, 'exp': 1789862414500, 'info': 4}, 'data': {'type': 'libVsnResponseDao', 'msg': '', 'sts': True, 'vsn': '2.0.12'}, 'msgID': '7164007f-2bc4-4e80-8cac-1d0e147bdf4a', 'srvTm': 1789929030585}
2026-09-21 00:00:30,559 [ERROR] APIConnect.login_helper: Error occurred while downloading/ reading instruments: [Errno 2] No such file or directory: 'instruments.zip'
Traceback (most recent call last):
  File "/Users/apple/Library/Python/3.9/lib/python/site-packages/APIConnect/login_helper.py", line 141, in _Instruments
    with zipfile.ZipFile('instruments.zip', 'r') as zip_ref:
  File "/Library/Developer/CommandLineTools/Library/Frameworks/Python3.framework/Versions/3.9/lib/python3.9/zipfile.py", line 1239, in __init__
    self.fp = io.open(file, filemode)
FileNotFoundError: [Errno 2] No such file or directory: 'instruments.zip'
2026-09-21 00:00:30,568 [INFO] APIConnect.APIConnect: Limits method is called.
2026-09-21 00:00:30,568 [DEBUG] APIConnect.APIConnect: Limits method is called for accout type: COMEQ
2026-09-21 00:00:30,569 [DEBUG] APIConnect.http: inGetMethod
2026-09-21 00:00:30,569 [INFO] APIConnect.http: 45.119.31.73
2026-09-21 00:00:30,569 [DEBUG] APIConnect.http: Request to url: https://nc.nuvamawealth.com/edelmw-eq/eq/limits/rmssublimits/45644658/
2026-09-21 00:00:30,977 [DEBUG] urllib3.connectionpool: https://nc.nuvamawealth.com:443 "GET /edelmw-eq/eq/limits/rmssublimits/45644658/ HTTP/1.1" 200 486
2026-09-21 00:00:31,005 [DEBUG] APIConnect.APIConnect: Response recevied: {'appID': '5477f1a0eaa317b7a65e964f7d9b53f6', 'config': {'app': 1, 'exp': 1789862414500, 'info': 4}, 'data': {'type': 'eqLimitsDao', 'cshAvl': '167522.02', 'exp': '0.00', 'mrgAvl': {'adMrg': '0.00', 'dayOpenBal': '1087322.02', 'fndAdd': '0.00', 'mrgAvl': '1087322.02', 'notMrg': '0.00', 'stkColVal': '0.00'}, 'mrgUtd': {'blkRelDlvry': '919800.00', 'fndWthdrwn': '0.00', 'ipoAmt': '0.00', 'mf': '0.00', 'mrgUtd': '919800.00', 'prmPdRcd': '0.00', 'rlPnl': '-0.00', 'spnExpMrg': '0.00', 'ttpv': '0.00', 'unRlMtm': '-0.00'}, 'mtmMg': '2007122.02', 'nvl': '167522.02', 'nvlPer': '0.00', 'srtFall': {}, 'unPstdChrgs': {'ntChrg': '337.47', 'ntUnPstdChrg': {'accode': '45644658', 'comoshortfall': '0.00', 'dpcharges': '0.00', 'dpdues': '337.47', 'fnopenality': '0.00', 'ist': '0.00', 'mtfbal': '0.00', 'oth4amt': '0.00', 'oth5amt': '0.00', 'pisbankbal': '0.00', 'recorddate': '2026-09-18T05:30:00+05:30', 'wealthpoabal': '0.00'}}}, 'msgID': 'ec501b70-88e1-4681-8e77-33d86405f2bd', 'srvTm': 1789929030957}
2026-09-21 00:00:43,993 [INFO] APIConnect.APIConnect: Logger initiated with default values.
2026-09-21 00:00:43,993 [INFO] constants.router: Router object is being created.
2026-09-21 00:00:43,994 [INFO] APIConnect.http: Http object is being created.
2026-09-21 00:00:44,011 [DEBUG] urllib3.connectionpool: Starting new HTTPS connection (1): api.ipify.org:443
2026-09-21 00:00:44,272 [DEBUG] urllib3.connectionpool: https://api.ipify.org:443 "GET /?format=json HTTP/1.1" 200 21
2026-09-21 00:00:44,273 [INFO] APIConnect.login_helper: LoginHelper object is being created.
2026-09-21 00:00:44,273 [INFO] APIConnect.order_helper: OrderHelper object is being created.
2026-09-21 00:00:44,273 [INFO] APIConnect.APIConnect: User data file found, loading data.
2026-09-21 00:00:44,274 [INFO] APIConnect.api_utils: Checking for new update.
2026-09-21 00:00:44,275 [DEBUG] APIConnect.http: inPostMethod
2026-09-21 00:00:44,275 [INFO] APIConnect.http: 45.119.31.73
2026-09-21 00:00:44,280 [DEBUG] urllib3.connectionpool: Starting new HTTPS connection (1): nc.nuvamawealth.com:443
2026-09-21 00:00:44,307 [INFO] feed.feed: Connection established with subscriber.
2026-09-21 00:00:44,429 [DEBUG] urllib3.connectionpool: https://nc.nuvamawealth.com:443 "POST /edelmw-content/content/adhoc/lib/version/ HTTP/1.1" 200 205
2026-09-21 00:00:44,430 [DEBUG] APIConnect.api_utils: Response received: {'appID': '5477f1a0eaa317b7a65e964f7d9b53f6', 'config': {'app': 1, 'bseExp': 1789862414504, 'exp': 1789862414500, 'info': 4}, 'data': {'type': 'libVsnResponseDao', 'msg': '', 'sts': True, 'vsn': '2.0.12'}, 'msgID': 'aa3b7c8f-c6c9-4adb-a7a0-6e2b3b139698', 'srvTm': 1789929044460}
2026-09-21 00:00:44,430 [ERROR] APIConnect.login_helper: Error occurred while downloading/ reading instruments: [Errno 2] No such file or directory: 'instruments.zip'
Traceback (most recent call last):
  File "/Users/apple/Library/Python/3.9/lib/python/site-packages/APIConnect/login_helper.py", line 141, in _Instruments
    with zipfile.ZipFile('instruments.zip', 'r') as zip_ref:
  File "/Library/Developer/CommandLineTools/Library/Frameworks/Python3.framework/Versions/3.9/lib/python3.9/zipfile.py", line 1239, in __init__
    self.fp = io.open(file, filemode)
FileNotFoundError: [Errno 2] No such file or directory: 'instruments.zip'
2026-09-21 00:00:44,435 [INFO] APIConnect.APIConnect: Holdings method is called.
2026-09-21 00:00:44,435 [DEBUG] APIConnect.APIConnect: Holdings method is called with account type: COMEQ
2026-09-21 00:00:44,437 [DEBUG] APIConnect.http: inGetMethod
2026-09-21 00:00:44,437 [INFO] APIConnect.http: 45.119.31.73
2026-09-21 00:00:44,437 [DEBUG] APIConnect.http: Request to url: https://nc.nuvamawealth.com/edelmw-eq/eq/holdings/v1/rmsholdings/45644658/
2026-09-21 00:00:44,713 [DEBUG] urllib3.connectionpool: https://nc.nuvamawealth.com:443 "GET /edelmw-eq/eq/holdings/v1/rmsholdings/45644658/ HTTP/1.1" 200 918
2026-09-21 00:00:44,713 [DEBUG] APIConnect.APIConnect: Response receieved: {'appID': '5477f1a0eaa317b7a65e964f7d9b53f6', 'config': {'app': 1, 'exp': 1789862414500, 'info': 4}, 'data': {'type': 'holdingsRMSDao', 'eqHv': '2867924.40', 'rmsHdg': [{'asTyp': 'EQUITY', 'chgP': '2.52', 'cncRmsHdg': {'td': 'true', 'hdgVl': '292400.00', 'clUQty': '0', 'hdgUQty': '0', 'usdQty': '0', 't1HQty': '0', 'clQty': '0', 'qty': '400', 'pdQty': '400', 'pdCnt': '400.0', 'totQty': '400'}, 'cpName': ' Hdfc  Bank  Ltd ', 'dpName': 'HDFCBANK', 'exc': 'NSE', 'hairCut': '22.00', 'isin': 'INE040A01034', 'ltSz': '1', 'ltp': '731', 'sym': '1333_NSE', 'tkSz': '0.05', 'totalQty': '400', 'totalVal': '292400.00', 'trdSym': 'INE040A01034'}, {'asTyp': 'EQUITY', 'chgP': '0.00', 'cncRmsHdg': {'td': 'true', 'hdgVl': '312800.00', 'clUQty': '0', 'hdgUQty': '0', 'usdQty': '0', 't1HQty': '0', 'clQty': '0', 'qty': '1600', 'pdQty': '1600', 'pdCnt': '1600.0', 'totQty': '1600'}, 'cpName': ' Macobs  Technologies  Ltd ', 'dpName': 'MACOBSTECH-SM', 'exc': 'NSE', 'hairCut': '100.00', 'isin': 'INE0R0J01010', 'ltSz': '800', 'ltp': '195.5', 'sym': '24545_NSE', 'tkSz': '0.05', 'totalQty': '1600', 'totalVal': '312800.00', 'trdSym': 'INE0R0J01010'}, {'asTyp': 'EQUITY', 'chgP': '-2.04', 'cncRmsHdg': {'td': 'true', 'hdgVl': '403665.00', 'clUQty': '0', 'hdgUQty': '0', 'usdQty': '0', 't1HQty': '0', 'clQty': '0', 'qty': '5100', 'pdQty': '5100', 'pdCnt': '5100.0', 'totQty': '5100'}, 'cpName': ' Nmdc  Ltd. ', 'dpName': 'NMDC', 'exc': 'NSE', 'hairCut': '25.00', 'isin': 'INE584A01023', 'ltSz': '1', 'ltp': '79.15', 'sym': '15332_NSE', 'tkSz': '0.01', 'totalQty': '5100', 'totalVal': '403665.00', 'trdSym': 'INE584A01023'}, {'asTyp': 'EQUITY', 'chgP': '-1.41', 'cncRmsHdg': {'td': 'true', 'hdgVl': '367920.00', 'clUQty': '0', 'hdgUQty': '0', 'usdQty': '0', 't1HQty': '0', 'clQty': '0', 'qty': '300', 'pdQty': '300', 'pdCnt': '300.0', 'totQty': '300'}, 'cpName': ' Reliance  Industries  Ltd ', 'dpName': 'RELIANCE', 'exc': 'NSE', 'hairCut': '22.00', 'isin': 'INE002A01018', 'ltSz': '1', 'ltp': '1226.4', 'sym': '2885_NSE', 'tkSz': '0.1', 'totalQty': '300', 'totalVal': '367920.00', 'trdSym': 'INE002A01018'}, {'asTyp': 'EQUITY', 'chgP': '-1.53', 'cncRmsHdg': {'td': 'true', 'hdgVl': '153710.00', 'clUQty': '0', 'hdgUQty': '0', 'usdQty': '0', 't1HQty': '0', 'clQty': '0', 'qty': '100', 'pdQty': '100', 'pdCnt': '100.0', 'totQty': '100'}, 'cpName': ' Tech  Mahindra  Limited ', 'dpName': 'TECHM', 'exc': 'NSE', 'hairCut': '22.00', 'isin': 'INE669C01036', 'ltSz': '1', 'ltp': '1537.1', 'sym': '13538_NSE', 'tkSz': '0.1', 'totalQty': '100', 'totalVal': '153710.00', 'trdSym': 'INE669C01036'}, {'asTyp': 'EQUITY', 'chgP': '-3.40', 'cncRmsHdg': {'td': 'true', 'hdgVl': '911400.00', 'clUQty': '0', 'hdgUQty': '0', 'usdQty': '0', 't1HQty': '0', 'clQty': '0', 'qty': '3000', 'pdQty': '3000', 'pdCnt': '3000.0', 'totQty': '3000'}, 'cpName': ' Tata  Motors  Pass  Veh  Ltd ', 'dpName': 'TMPV', 'exc': 'NSE', 'hairCut': '25.00', 'isin': 'INE155A01022', 'ltSz': '1', 'ltp': '303.8', 'sym': '3456_NSE', 'tkSz': '0.05', 'totalQty': '3000', 'totalVal': '911400.00', 'trdSym': 'INE155A01022'}, {'asTyp': 'EQUITY', 'chgP': '-2.23', 'cncRmsHdg': {'td': 'true', 'hdgVl': '426029.40', 'clUQty': '0', 'hdgUQty': '0', 'usdQty': '0', 't1HQty': '0', 'clQty': '0', 'qty': '74742', 'pdQty': '74742', 'pdCnt': '74742.0', 'totQty': '74742'}, 'cpName': ' Vardhman  Polytex  Ltd. ', 'dpName': 'VARDMNPOLY', 'exc': 'NSE', 'hairCut': '100.00', 'isin': 'INE835A01029', 'ltSz': '1', 'ltp': '5.7', 'sym': '3646_NSE', 'tkSz': '0.01', 'totalQty': '74742', 'totalVal': '426029.40', 'trdSym': 'INE835A01029'}]}, 'msgID': '4c4d6de8-9726-45a3-a3d3-a6306ab72171', 'srvTm': 1789929044749}
2026-09-21 00:00:44,715 [INFO] APIConnect.APIConnect: NetPosition method is called.
2026-09-21 00:00:44,715 [DEBUG] APIConnect.APIConnect: NetPosition method is called
2026-09-21 00:00:44,715 [DEBUG] APIConnect.http: inGetMethod
2026-09-21 00:00:44,715 [INFO] APIConnect.http: 45.119.31.73
2026-09-21 00:00:44,715 [DEBUG] APIConnect.http: Request to url: https://nc.nuvamawealth.com/edelmw-eq/eq/positions/net/45644658/
2026-09-21 00:00:44,840 [DEBUG] urllib3.connectionpool: https://nc.nuvamawealth.com:443 "GET /edelmw-eq/eq/positions/net/45644658/ HTTP/1.1" 200 551
2026-09-21 00:00:44,841 [DEBUG] APIConnect.APIConnect: Response received: {'appID': '5477f1a0eaa317b7a65e964f7d9b53f6', 'config': {'app': 1, 'exp': 1789862414500, 'info': 4}, 'data': {'type': 'netPositionsDao', 'cls': '0', 'npos': '1', 'ntMTM': '-8400.00', 'opn': '1', 'pos': [{'asTyp': 'EQUITY', 'dpInsTyp': '', 'dpName': 'TMPV', 'exc': 'NSE', 'ltSz': '1', 'ltp': '303.80', 'sym': '3456_NSE', 'tkSz': '0.05', 'trdSym': 'INE155A01022', 'dpExpDt': '', 'opTyp': '', 'stkPrc': '', 'GD': '1', 'GN': '1', 'PD': '1', 'PN': '1', 'avgByPrc': '306.60', 'avgSlPrc': '0.00', 'blQty': '1', 'byAmt': '919800.00', 'byQty': '3000', 'cpName': 'Tata Motors Pass Veh Ltd', 'mtm': '-8400.00', 'mul': '1', 'ntAmt': '-919800.00', 'ntPL': '-8400.0', 'ntQty': '3000', 'nwsFlg': '0', 'prc': '306.60', 'prdCode': 'CNC', 'rchFlg': '0', 'rlzPL': '0.00', 'slAmt': '0.00', 'slQty': '0', 'sqOff': 'true', 'trsTyp': 'B', 'uniqKey': 'TMPV', 'urlzPL': '-8400.00', 'cfAvgSlPrc': '0.00', 'cfAvgByPrc': '306.60', 'cfSlQty': '0', 'cfByQty': '0', 'cfSlAmt': '0.00', 'cfByAmt': '0.00', 'ntSlQty': '0', 'ntByQty': '3000', 'ntSlAmt': '0.00', 'ntByAmt': '919,800.00', 'brkEvnPrc': '306.60', 'prdDp': 'CNC'}], 'tdyMtm': '0.00', 'urlMtm': '-8400.00'}, 'msgID': '7d4ad9cb-0f4b-40db-b111-27c6fd454e25', 'srvTm': 1789929044872}
2026-09-21 00:00:44,841 [INFO] APIConnect.APIConnect: OrderBook method is called.
2026-09-21 00:00:44,841 [DEBUG] APIConnect.APIConnect: OrderBook method is called 
2026-09-21 00:00:44,841 [DEBUG] APIConnect.http: inGetMethod
2026-09-21 00:00:44,841 [INFO] APIConnect.http: 45.119.31.73
2026-09-21 00:00:44,841 [DEBUG] APIConnect.http: Request to url: https://nc.nuvamawealth.com/edelmw-eq/eq/order/book/45644658/v1/
2026-09-21 00:00:44,946 [DEBUG] urllib3.connectionpool: https://nc.nuvamawealth.com:443 "GET /edelmw-eq/eq/order/book/45644658/v1/ HTTP/1.1" 200 671
2026-09-21 00:00:44,947 [DEBUG] APIConnect.APIConnect: Response received: {'appID': '5477f1a0eaa317b7a65e964f7d9b53f6', 'config': {'app': 1, 'exp': 1789862414500, 'info': 4}, 'data': {'type': 'orderBookResponse', 'ord': [{'stkPrc': '', 'dur': 'DAY', 'vlDt': 'NA', 'rcvTim': '09:50:40', 'rcvEpTim': '18/09/2026 09:50:40', 'sym': '3456_NSE', 'cpName': 'Tata Motors Pass Veh Ltd', 'exit': 'false', 'syomID': '', 'exc': 'NSE', 'ntQty': '3000', 'dpName': 'TMPV', 'cancel': 'false', 'sipID': 'N', 'nstReqID': '1', 'ordTyp': 'LIMIT', 'opTyp': '', 'trsTyp': 'BUY', 'srs': 'EQ', 'prdCode': 'CNC', 'prdDp': 'CNC', 'ogt': '--', 'flQty': '3000', 'trdSym': 'INE155A01022', 'edit': 'false', 'asTyp': 'EQUITY', 'trgPrc': '0.00', 'avgPrc': '306.60', 'dsQty': '0', 'ordID': '260918000047135', 'sts': 'complete', 'dpInsTyp': '', 'rjRsn': '', 'userID': '45644658', 'dpExpDt': '', 'ltSz': '1', 'tkSz': '0.05', 'desc': '3000 Bought @ &#8377 306.60', 'prc': '306.60', 'exONo': '1300000016641279', 'rcvDt': '18/09/2026', 'pdQty': '0', 'userCmnt': 'NA', 'rmk': '', 'boSeqId': '', 'epochTim': '1789705240748726', 'ordTim': '18/09/2026 09:50:40', 'trgId': '', 'dpVal': 'TMPV', 'ltp': '303.80', 'bsktOrdId': '', 'bsktEpch': '', 'sipNo': 'NA', 'chg': '-10.70', 'chgP': '-3.40', 'lqdRsn': '', 'algoId': 'NA', 'algoCategory': 'NA'}]}, 'msgID': '5194054d-93ab-42f6-a3a2-c5b556df7039', 'srvTm': 1789929044983}
